# program DHAMed3_list.F (Gerhard Hummer, Feb-Mar 2017)
# number of bins n=       9
# number of pairs=      36
# index p(index)       g(index)/kT
        1 4.16004911E-01 8.77058213E-01
        2 2.67372836E-06 1.28320367E+01
        3 1.34888017E-05 1.12136507E+01
        4 1.09106325E-04 9.12318770E+00
        5 8.83662953E-04 7.03143484E+00
        6 6.60691023E-03 5.01963917E+00
        7 4.17797137E-02 3.17534437E+00
        8 1.80043827E-01 1.71455497E+00
        9 3.54555706E-01 1.03688981E+00
